[2026-08-31 03:34:26] [client] connecting to ssl://smtp.hostinger.com:465...
[2026-08-31 03:34:26] [server] 220 ESMTP smtp.hostinger.com
[2026-08-31 03:34:26] [client] EHLO innovatech.local
[2026-08-31 03:34:26] [server] 250-smtp.hostinger.com
[2026-08-31 03:34:26] [server] 250-PIPELINING
[2026-08-31 03:34:26] [server] 250-SIZE 48811212
[2026-08-31 03:34:26] [server] 250-ETRN
[2026-08-31 03:34:26] [server] 250-AUTH PLAIN LOGIN
[2026-08-31 03:34:26] [server] 250-ENHANCEDSTATUSCODES
[2026-08-31 03:34:26] [server] 250-8BITMIME
[2026-08-31 03:34:26] [server] 250-DSN
[2026-08-31 03:34:26] [server] 250 CHUNKING
[2026-08-31 03:34:26] [client] AUTH LOGIN
[2026-08-31 03:34:26] [server] 334 VXNlcm5hbWU6
[2026-08-31 03:34:26] [client] c3VwcG9ydEBpbm5vdmF0ZWNoc2VydmljZXNwaC5jb20=
[2026-08-31 03:34:26] [server] 334 UGFzc3dvcmQ6
[2026-08-31 03:34:26] [client] [auth] password sent
[2026-08-31 03:34:26] [server] 235 2.7.0 Authentication successful
[2026-08-31 03:34:26] [client] authenticated
[2026-08-31 03:34:26] [client] MAIL FROM:<support@innovatechservicesph.com>
[2026-08-31 03:34:26] [server] 250 2.1.0 Ok
[2026-08-31 03:34:26] [client] RCPT TO:<support@innovatechservicesph.com>
[2026-08-31 03:34:26] [server] 250 2.1.5 Ok
[2026-08-31 03:34:26] [client] DATA
[2026-08-31 03:34:26] [server] 354 End data with <CR><LF>.<CR><LF>
[2026-08-31 03:34:26] [client] sending message body (173 bytes)
[2026-08-31 03:34:26] [server] 250 2.0.0 Ok: queued as 4hYF3S4vc1z2x9Y
[2026-08-31 03:34:26] [client] QUIT
[2026-08-31 03:34:26] send_email: OK via SMTP smtp.hostinger.com:465 -> support@innovatechservicesph.com ("DB-driven send_email() test")
[2026-08-31 03:41:49] [client] connecting to ssl://smtp.hostinger.com:465...
[2026-08-31 03:41:49] [server] 220 ESMTP smtp.hostinger.com
[2026-08-31 03:41:49] [client] EHLO innovatech.local
[2026-08-31 03:41:49] [server] 250-smtp.hostinger.com
[2026-08-31 03:41:49] [server] 250-PIPELINING
[2026-08-31 03:41:49] [server] 250-SIZE 48811212
[2026-08-31 03:41:49] [server] 250-ETRN
[2026-08-31 03:41:49] [server] 250-AUTH PLAIN LOGIN
[2026-08-31 03:41:49] [server] 250-ENHANCEDSTATUSCODES
[2026-08-31 03:41:49] [server] 250-8BITMIME
[2026-08-31 03:41:49] [server] 250-DSN
[2026-08-31 03:41:49] [server] 250 CHUNKING
[2026-08-31 03:41:49] [client] AUTH LOGIN
[2026-08-31 03:41:49] [server] 334 VXNlcm5hbWU6
[2026-08-31 03:41:49] [client] c3VwcG9ydEBpbm5vdmF0ZWNoc2VydmljZXNwaC5jb20=
[2026-08-31 03:41:49] [server] 334 UGFzc3dvcmQ6
[2026-08-31 03:41:49] [client] [auth] password sent
[2026-08-31 03:41:49] [server] 235 2.7.0 Authentication successful
[2026-08-31 03:41:49] [client] authenticated
[2026-08-31 03:41:49] [client] MAIL FROM:<support@innovatechservicesph.com>
[2026-08-31 03:41:49] [server] 250 2.1.0 Ok
[2026-08-31 03:41:49] [client] RCPT TO:<owner@innovatech.ph>
[2026-08-31 03:41:49] [server] 250 2.1.5 Ok
[2026-08-31 03:41:49] [client] DATA
[2026-08-31 03:41:49] [server] 354 End data with <CR><LF>.<CR><LF>
[2026-08-31 03:41:49] [client] sending message body (217 bytes)
[2026-08-31 03:41:49] [server] 250 2.0.0 Ok: queued as 4hYFCy3NRKz2yry
[2026-08-31 03:41:49] [client] QUIT
[2026-08-31 03:41:49] send_email: OK via SMTP smtp.hostinger.com:465 -> owner@innovatech.ph ("[Innovatech PH] SMTP test — 2026-08-31 03:41")
[2026-08-31 03:50:55] [client] connecting to ssl://smtp.hostinger.com:465...
[2026-08-31 03:50:55] [server] 220 ESMTP smtp.hostinger.com
[2026-08-31 03:50:55] [client] EHLO innovatech.local
[2026-08-31 03:50:55] [server] 250-smtp.hostinger.com
[2026-08-31 03:50:55] [server] 250-PIPELINING
[2026-08-31 03:50:55] [server] 250-SIZE 48811212
[2026-08-31 03:50:55] [server] 250-ETRN
[2026-08-31 03:50:55] [server] 250-AUTH PLAIN LOGIN
[2026-08-31 03:50:55] [server] 250-ENHANCEDSTATUSCODES
[2026-08-31 03:50:55] [server] 250-8BITMIME
[2026-08-31 03:50:55] [server] 250-DSN
[2026-08-31 03:50:55] [server] 250 CHUNKING
[2026-08-31 03:50:55] [client] AUTH LOGIN
[2026-08-31 03:50:55] [server] 334 VXNlcm5hbWU6
[2026-08-31 03:50:55] [client] c3VwcG9ydEBpbm5vdmF0ZWNoc2VydmljZXNwaC5jb20=
[2026-08-31 03:50:55] [server] 334 UGFzc3dvcmQ6
[2026-08-31 03:50:55] [client] [auth] password sent
[2026-08-31 03:50:55] [server] 235 2.7.0 Authentication successful
[2026-08-31 03:50:55] [client] authenticated
[2026-08-31 03:50:55] [client] MAIL FROM:<support@innovatechservicesph.com>
[2026-08-31 03:50:55] [server] 250 2.1.0 Ok
[2026-08-31 03:50:55] [client] RCPT TO:<seancvpugosa@gmail.com>
[2026-08-31 03:50:55] [server] 250 2.1.5 Ok
[2026-08-31 03:50:55] [client] DATA
[2026-08-31 03:50:55] [server] 354 End data with <CR><LF>.<CR><LF>
[2026-08-31 03:50:55] [client] sending message body (217 bytes)
[2026-08-31 03:50:55] [server] 250 2.0.0 Ok: queued as 4hYFQT5Whvz2yvb
[2026-08-31 03:50:55] [client] QUIT
[2026-08-31 03:50:55] send_email: OK via SMTP smtp.hostinger.com:465 -> seancvpugosa@gmail.com ("[Innovatech PH] SMTP test — 2026-08-31 03:50")
[2026-08-31 04:28:06] [client] connecting to ssl://smtp.hostinger.com:465...
[2026-08-31 04:28:06] [server] 220 ESMTP smtp.hostinger.com
[2026-08-31 04:28:06] [client] EHLO innovatech.local
[2026-08-31 04:28:06] [server] 250-smtp.hostinger.com
[2026-08-31 04:28:06] [server] 250-PIPELINING
[2026-08-31 04:28:06] [server] 250-SIZE 48811212
[2026-08-31 04:28:06] [server] 250-ETRN
[2026-08-31 04:28:06] [server] 250-AUTH PLAIN LOGIN
[2026-08-31 04:28:06] [server] 250-ENHANCEDSTATUSCODES
[2026-08-31 04:28:06] [server] 250-8BITMIME
[2026-08-31 04:28:06] [server] 250-DSN
[2026-08-31 04:28:06] [server] 250 CHUNKING
[2026-08-31 04:28:06] [client] AUTH LOGIN
[2026-08-31 04:28:06] [server] 334 VXNlcm5hbWU6
[2026-08-31 04:28:06] [client] c3VwcG9ydEBpbm5vdmF0ZWNoc2VydmljZXNwaC5jb20=
[2026-08-31 04:28:06] [server] 334 UGFzc3dvcmQ6
[2026-08-31 04:28:06] [client] [auth] password sent
[2026-08-31 04:28:06] [server] 235 2.7.0 Authentication successful
[2026-08-31 04:28:06] [client] authenticated
[2026-08-31 04:28:06] [client] MAIL FROM:<support@innovatechservicesph.com>
[2026-08-31 04:28:06] [server] 250 2.1.0 Ok
[2026-08-31 04:28:06] [client] RCPT TO:<owner@innovatech.ph>
[2026-08-31 04:28:06] [server] 250 2.1.5 Ok
[2026-08-31 04:28:06] [client] DATA
[2026-08-31 04:28:06] [server] 354 End data with <CR><LF>.<CR><LF>
[2026-08-31 04:28:06] [client] sending message body (392 bytes)
[2026-08-31 04:28:06] [server] 250 2.0.0 Ok: queued as 4hYGFK3q4mz31R0
[2026-08-31 04:28:06] [client] QUIT
[2026-08-31 04:28:06] send_email: OK via SMTP smtp.hostinger.com:465 -> owner@innovatech.ph ("Your support ticket #1 is in progress")
[2026-08-31 04:28:08] [client] connecting to ssl://smtp.hostinger.com:465...
[2026-08-31 04:28:08] [server] 220 ESMTP smtp.hostinger.com
[2026-08-31 04:28:08] [client] EHLO innovatech.local
[2026-08-31 04:28:08] [server] 250-smtp.hostinger.com
[2026-08-31 04:28:08] [server] 250-PIPELINING
[2026-08-31 04:28:08] [server] 250-SIZE 48811212
[2026-08-31 04:28:08] [server] 250-ETRN
[2026-08-31 04:28:08] [server] 250-AUTH PLAIN LOGIN
[2026-08-31 04:28:08] [server] 250-ENHANCEDSTATUSCODES
[2026-08-31 04:28:08] [server] 250-8BITMIME
[2026-08-31 04:28:08] [server] 250-DSN
[2026-08-31 04:28:08] [server] 250 CHUNKING
[2026-08-31 04:28:08] [client] AUTH LOGIN
[2026-08-31 04:28:08] [server] 334 VXNlcm5hbWU6
[2026-08-31 04:28:08] [client] c3VwcG9ydEBpbm5vdmF0ZWNoc2VydmljZXNwaC5jb20=
[2026-08-31 04:28:08] [server] 334 UGFzc3dvcmQ6
[2026-08-31 04:28:08] [client] [auth] password sent
[2026-08-31 04:28:08] [server] 235 2.7.0 Authentication successful
[2026-08-31 04:28:08] [client] authenticated
[2026-08-31 04:28:08] [client] MAIL FROM:<support@innovatechservicesph.com>
[2026-08-31 04:28:08] [server] 250 2.1.0 Ok
[2026-08-31 04:28:08] [client] RCPT TO:<owner@innovatech.ph>
[2026-08-31 04:28:08] [server] 250 2.1.5 Ok
[2026-08-31 04:28:08] [client] DATA
[2026-08-31 04:28:08] [server] 354 End data with <CR><LF>.<CR><LF>
[2026-08-31 04:28:08] [client] sending message body (156 bytes)
[2026-08-31 04:28:08] [server] 250 2.0.0 Ok: queued as 4hYGFN1yyzz46CS
[2026-08-31 04:28:08] [client] QUIT
[2026-08-31 04:28:08] send_email: OK via SMTP smtp.hostinger.com:465 -> owner@innovatech.ph ("Your Innovatech campus admin account")
[2026-08-31 04:28:10] [client] connecting to ssl://smtp.hostinger.com:465...
[2026-08-31 04:28:10] [server] 220 ESMTP smtp.hostinger.com
[2026-08-31 04:28:10] [client] EHLO innovatech.local
[2026-08-31 04:28:10] [server] 250-smtp.hostinger.com
[2026-08-31 04:28:10] [server] 250-PIPELINING
[2026-08-31 04:28:10] [server] 250-SIZE 48811212
[2026-08-31 04:28:10] [server] 250-ETRN
[2026-08-31 04:28:10] [server] 250-AUTH PLAIN LOGIN
[2026-08-31 04:28:10] [server] 250-ENHANCEDSTATUSCODES
[2026-08-31 04:28:10] [server] 250-8BITMIME
[2026-08-31 04:28:10] [server] 250-DSN
[2026-08-31 04:28:10] [server] 250 CHUNKING
[2026-08-31 04:28:10] [client] AUTH LOGIN
[2026-08-31 04:28:10] [server] 334 VXNlcm5hbWU6
[2026-08-31 04:28:10] [client] c3VwcG9ydEBpbm5vdmF0ZWNoc2VydmljZXNwaC5jb20=
[2026-08-31 04:28:10] [server] 334 UGFzc3dvcmQ6
[2026-08-31 04:28:10] [client] [auth] password sent
[2026-08-31 04:28:10] [server] 235 2.7.0 Authentication successful
[2026-08-31 04:28:10] [client] authenticated
[2026-08-31 04:28:10] [client] MAIL FROM:<support@innovatechservicesph.com>
[2026-08-31 04:28:10] [server] 250 2.1.0 Ok
[2026-08-31 04:28:10] [client] RCPT TO:<owner@innovatech.ph>
[2026-08-31 04:28:10] [server] 250 2.1.5 Ok
[2026-08-31 04:28:10] [client] DATA
[2026-08-31 04:28:10] [server] 354 End data with <CR><LF>.<CR><LF>
[2026-08-31 04:28:10] [client] sending message body (463 bytes)
[2026-08-31 04:28:10] [server] 250 2.0.0 Ok: queued as 4hYGFQ5vRTz40f7
[2026-08-31 04:28:10] [client] QUIT
[2026-08-31 04:28:10] send_email: OK via SMTP smtp.hostinger.com:465 -> owner@innovatech.ph ("Reset your Innovatech password, System Owner")
[2026-08-31 04:28:13] [client] connecting to ssl://smtp.hostinger.com:465...
[2026-08-31 04:28:13] [server] 220 ESMTP smtp.hostinger.com
[2026-08-31 04:28:13] [client] EHLO innovatech.local
[2026-08-31 04:28:13] [server] 250-smtp.hostinger.com
[2026-08-31 04:28:13] [server] 250-PIPELINING
[2026-08-31 04:28:13] [server] 250-SIZE 48811212
[2026-08-31 04:28:13] [server] 250-ETRN
[2026-08-31 04:28:13] [server] 250-AUTH PLAIN LOGIN
[2026-08-31 04:28:13] [server] 250-ENHANCEDSTATUSCODES
[2026-08-31 04:28:13] [server] 250-8BITMIME
[2026-08-31 04:28:13] [server] 250-DSN
[2026-08-31 04:28:13] [server] 250 CHUNKING
[2026-08-31 04:28:13] [client] AUTH LOGIN
[2026-08-31 04:28:13] [server] 334 VXNlcm5hbWU6
[2026-08-31 04:28:13] [client] c3VwcG9ydEBpbm5vdmF0ZWNoc2VydmljZXNwaC5jb20=
[2026-08-31 04:28:13] [server] 334 UGFzc3dvcmQ6
[2026-08-31 04:28:13] [client] [auth] password sent
[2026-08-31 04:28:13] [server] 235 2.7.0 Authentication successful
[2026-08-31 04:28:13] [client] authenticated
[2026-08-31 04:28:13] [client] MAIL FROM:<support@innovatechservicesph.com>
[2026-08-31 04:28:13] [server] 250 2.1.0 Ok
[2026-08-31 04:28:13] [client] RCPT TO:<owner@innovatech.ph>
[2026-08-31 04:28:13] [server] 250 2.1.5 Ok
[2026-08-31 04:28:13] [client] DATA
[2026-08-31 04:28:13] [server] 354 End data with <CR><LF>.<CR><LF>
[2026-08-31 04:28:13] [client] sending message body (420 bytes)
[2026-08-31 04:28:13] [server] 250 2.0.0 Ok: queued as 4hYGFT3HqKz1xtm
[2026-08-31 04:28:13] [client] QUIT
[2026-08-31 04:28:13] send_email: OK via SMTP smtp.hostinger.com:465 -> owner@innovatech.ph ("Your support ticket #1 is in progress")
[2026-08-31 04:33:46] [client] connecting to ssl://smtp.hostinger.com:465...
[2026-08-31 04:33:46] [server] 220 ESMTP smtp.hostinger.com
[2026-08-31 04:33:46] [client] EHLO innovatech.local
[2026-08-31 04:33:46] [server] 250-smtp.hostinger.com
[2026-08-31 04:33:46] [server] 250-PIPELINING
[2026-08-31 04:33:46] [server] 250-SIZE 48811212
[2026-08-31 04:33:46] [server] 250-ETRN
[2026-08-31 04:33:46] [server] 250-AUTH PLAIN LOGIN
[2026-08-31 04:33:46] [server] 250-ENHANCEDSTATUSCODES
[2026-08-31 04:33:46] [server] 250-8BITMIME
[2026-08-31 04:33:46] [server] 250-DSN
[2026-08-31 04:33:46] [server] 250 CHUNKING
[2026-08-31 04:33:46] [client] AUTH LOGIN
[2026-08-31 04:33:46] [server] 334 VXNlcm5hbWU6
[2026-08-31 04:33:46] [client] c3VwcG9ydEBpbm5vdmF0ZWNoc2VydmljZXNwaC5jb20=
[2026-08-31 04:33:46] [server] 334 UGFzc3dvcmQ6
[2026-08-31 04:33:46] [client] [auth] password sent
[2026-08-31 04:33:46] [server] 235 2.7.0 Authentication successful
[2026-08-31 04:33:46] [client] authenticated
[2026-08-31 04:33:46] [client] MAIL FROM:<support@innovatechservicesph.com>
[2026-08-31 04:33:46] [server] 250 2.1.0 Ok
[2026-08-31 04:33:46] [client] RCPT TO:<owner@innovatech.ph>
[2026-08-31 04:33:46] [server] 250 2.1.5 Ok
[2026-08-31 04:33:46] [client] DATA
[2026-08-31 04:33:46] [server] 354 End data with <CR><LF>.<CR><LF>
[2026-08-31 04:33:46] [client] sending message body (156 bytes)
[2026-08-31 04:33:46] [server] 250 2.0.0 Ok: queued as 4hYGMv68JMz46D5
[2026-08-31 04:33:46] [client] QUIT
[2026-08-31 04:33:46] send_email: OK via SMTP smtp.hostinger.com:465 -> owner@innovatech.ph ("Your Innovatech campus admin account")
[2026-08-31 05:04:15] [client] connecting to ssl://smtp.hostinger.com:465...
[2026-08-31 05:04:15] [server] 220 ESMTP smtp.hostinger.com
[2026-08-31 05:04:15] [client] EHLO innovatech.local
[2026-08-31 05:04:15] [server] 250-smtp.hostinger.com
[2026-08-31 05:04:15] [server] 250-PIPELINING
[2026-08-31 05:04:15] [server] 250-SIZE 48811212
[2026-08-31 05:04:15] [server] 250-ETRN
[2026-08-31 05:04:15] [server] 250-AUTH PLAIN LOGIN
[2026-08-31 05:04:15] [server] 250-ENHANCEDSTATUSCODES
[2026-08-31 05:04:15] [server] 250-8BITMIME
[2026-08-31 05:04:15] [server] 250-DSN
[2026-08-31 05:04:15] [server] 250 CHUNKING
[2026-08-31 05:04:15] [client] AUTH LOGIN
[2026-08-31 05:04:15] [server] 334 VXNlcm5hbWU6
[2026-08-31 05:04:15] [client] c3VwcG9ydEBpbm5vdmF0ZWNoc2VydmljZXNwaC5jb20=
[2026-08-31 05:04:15] [server] 334 UGFzc3dvcmQ6
[2026-08-31 05:04:15] [client] [auth] password sent
[2026-08-31 05:04:15] [server] 235 2.7.0 Authentication successful
[2026-08-31 05:04:15] [client] authenticated
[2026-08-31 05:04:15] [client] MAIL FROM:<support@innovatechservicesph.com>
[2026-08-31 05:04:15] [server] 250 2.1.0 Ok
[2026-08-31 05:04:15] [client] RCPT TO:<owner@innovatech.ph>
[2026-08-31 05:04:15] [server] 250 2.1.5 Ok
[2026-08-31 05:04:15] [client] DATA
[2026-08-31 05:04:15] [server] 354 End data with <CR><LF>.<CR><LF>
[2026-08-31 05:04:15] [client] sending message body (217 bytes)
[2026-08-31 05:04:15] [server] 250 2.0.0 Ok: queued as 4hYH3468SKz1xnq
[2026-08-31 05:04:15] [client] QUIT
[2026-08-31 05:04:15] send_email: OK via SMTP smtp.hostinger.com:465 -> owner@innovatech.ph ("[Innovatech PH] SMTP test — 2026-08-31 05:04")
[2026-08-31 05:51:22] [client] connecting to ssl://smtp.hostinger.com:465...
[2026-08-31 05:51:22] [server] 220 ESMTP smtp.hostinger.com
[2026-08-31 05:51:22] [client] EHLO innovatech.local
[2026-08-31 05:51:22] [server] 250-smtp.hostinger.com
[2026-08-31 05:51:22] [server] 250-PIPELINING
[2026-08-31 05:51:22] [server] 250-SIZE 48811212
[2026-08-31 05:51:22] [server] 250-ETRN
[2026-08-31 05:51:22] [server] 250-AUTH PLAIN LOGIN
[2026-08-31 05:51:22] [server] 250-ENHANCEDSTATUSCODES
[2026-08-31 05:51:22] [server] 250-8BITMIME
[2026-08-31 05:51:22] [server] 250-DSN
[2026-08-31 05:51:22] [server] 250 CHUNKING
[2026-08-31 05:51:22] [client] AUTH LOGIN
[2026-08-31 05:51:22] [server] 334 VXNlcm5hbWU6
[2026-08-31 05:51:22] [client] c3VwcG9ydEBpbm5vdmF0ZWNoc2VydmljZXNwaC5jb20=
[2026-08-31 05:51:22] [server] 334 UGFzc3dvcmQ6
[2026-08-31 05:51:22] [client] [auth] password sent
[2026-08-31 05:51:22] [server] 235 2.7.0 Authentication successful
[2026-08-31 05:51:22] [client] authenticated
[2026-08-31 05:51:22] [client] MAIL FROM:<support@innovatechservicesph.com>
[2026-08-31 05:51:22] [server] 250 2.1.0 Ok
[2026-08-31 05:51:22] [client] RCPT TO:<support@innovatechservicesph.com>
[2026-08-31 05:51:22] [server] 250 2.1.5 Ok
[2026-08-31 05:51:22] [client] DATA
[2026-08-31 05:51:22] [server] 354 End data with <CR><LF>.<CR><LF>
[2026-08-31 05:51:22] [client] sending message body (530 bytes)
[2026-08-31 05:51:22] [server] 250 2.0.0 Ok: queued as 4hYJ5Q3cCLz1xtm
[2026-08-31 05:51:22] [client] QUIT
[2026-08-31 05:51:22] send_email: OK via SMTP smtp.hostinger.com:465 -> support@innovatechservicesph.com ("New support ticket #2 — RESTRICTED TEST ticket t1b")
[2026-08-31 05:54:25] [client] connecting to ssl://smtp.hostinger.com:465...
[2026-08-31 05:54:25] [server] 220 ESMTP smtp.hostinger.com
[2026-08-31 05:54:25] [client] EHLO innovatech.local
[2026-08-31 05:54:25] [server] 250-smtp.hostinger.com
[2026-08-31 05:54:25] [server] 250-PIPELINING
[2026-08-31 05:54:25] [server] 250-SIZE 48811212
[2026-08-31 05:54:25] [server] 250-ETRN
[2026-08-31 05:54:25] [server] 250-AUTH PLAIN LOGIN
[2026-08-31 05:54:25] [server] 250-ENHANCEDSTATUSCODES
[2026-08-31 05:54:25] [server] 250-8BITMIME
[2026-08-31 05:54:25] [server] 250-DSN
[2026-08-31 05:54:25] [server] 250 CHUNKING
[2026-08-31 05:54:25] [client] AUTH LOGIN
[2026-08-31 05:54:25] [server] 334 VXNlcm5hbWU6
[2026-08-31 05:54:25] [client] c3VwcG9ydEBpbm5vdmF0ZWNoc2VydmljZXNwaC5jb20=
[2026-08-31 05:54:25] [server] 334 UGFzc3dvcmQ6
[2026-08-31 05:54:25] [client] [auth] password sent
[2026-08-31 05:54:25] [server] 235 2.7.0 Authentication successful
[2026-08-31 05:54:25] [client] authenticated
[2026-08-31 05:54:25] [client] MAIL FROM:<support@innovatechservicesph.com>
[2026-08-31 05:54:25] [server] 250 2.1.0 Ok
[2026-08-31 05:54:25] [client] RCPT TO:<support@innovatechservicesph.com>
[2026-08-31 05:54:25] [server] 250 2.1.5 Ok
[2026-08-31 05:54:25] [client] DATA
[2026-08-31 05:54:25] [server] 354 End data with <CR><LF>.<CR><LF>
[2026-08-31 05:54:25] [client] sending message body (554 bytes)
[2026-08-31 05:54:25] [server] 250 2.0.0 Ok: queued as 4hYJ8x4GGmz1xr7
[2026-08-31 05:54:25] [client] QUIT
[2026-08-31 05:54:25] send_email: OK via SMTP smtp.hostinger.com:465 -> support@innovatechservicesph.com ("New support ticket #3 — RESTRICTED TEST ticket t1c owner-notification")
[2026-08-31 05:54:27] [client] connecting to ssl://smtp.hostinger.com:465...
[2026-08-31 05:54:27] [server] 220 ESMTP smtp.hostinger.com
[2026-08-31 05:54:27] [client] EHLO innovatech.local
[2026-08-31 05:54:27] [server] 250-smtp.hostinger.com
[2026-08-31 05:54:27] [server] 250-PIPELINING
[2026-08-31 05:54:27] [server] 250-SIZE 48811212
[2026-08-31 05:54:27] [server] 250-ETRN
[2026-08-31 05:54:27] [server] 250-AUTH PLAIN LOGIN
[2026-08-31 05:54:27] [server] 250-ENHANCEDSTATUSCODES
[2026-08-31 05:54:27] [server] 250-8BITMIME
[2026-08-31 05:54:27] [server] 250-DSN
[2026-08-31 05:54:27] [server] 250 CHUNKING
[2026-08-31 05:54:27] [client] AUTH LOGIN
[2026-08-31 05:54:27] [server] 334 VXNlcm5hbWU6
[2026-08-31 05:54:27] [client] c3VwcG9ydEBpbm5vdmF0ZWNoc2VydmljZXNwaC5jb20=
[2026-08-31 05:54:27] [server] 334 UGFzc3dvcmQ6
[2026-08-31 05:54:27] [client] [auth] password sent
[2026-08-31 05:54:27] [server] 235 2.7.0 Authentication successful
[2026-08-31 05:54:27] [client] authenticated
[2026-08-31 05:54:27] [client] MAIL FROM:<support@innovatechservicesph.com>
[2026-08-31 05:54:27] [server] 250 2.1.0 Ok
[2026-08-31 05:54:27] [client] RCPT TO:<owner@innovatech.ph>
[2026-08-31 05:54:27] [server] 250 2.1.5 Ok
[2026-08-31 05:54:27] [client] DATA
[2026-08-31 05:54:27] [server] 354 End data with <CR><LF>.<CR><LF>
[2026-08-31 05:54:27] [client] sending message body (554 bytes)
[2026-08-31 05:54:27] [server] 250 2.0.0 Ok: queued as 4hYJ900NhZz1xn7
[2026-08-31 05:54:27] [client] QUIT
[2026-08-31 05:54:27] send_email: OK via SMTP smtp.hostinger.com:465 -> owner@innovatech.ph ("New support ticket #3 — RESTRICTED TEST ticket t1c owner-notification")
[2026-08-31 05:54:54] [client] connecting to ssl://smtp.hostinger.com:465...
[2026-08-31 05:54:54] [server] 220 ESMTP smtp.hostinger.com
[2026-08-31 05:54:54] [client] EHLO innovatech.local
[2026-08-31 05:54:54] [server] 250-smtp.hostinger.com
[2026-08-31 05:54:54] [server] 250-PIPELINING
[2026-08-31 05:54:54] [server] 250-SIZE 48811212
[2026-08-31 05:54:54] [server] 250-ETRN
[2026-08-31 05:54:54] [server] 250-AUTH PLAIN LOGIN
[2026-08-31 05:54:54] [server] 250-ENHANCEDSTATUSCODES
[2026-08-31 05:54:54] [server] 250-8BITMIME
[2026-08-31 05:54:54] [server] 250-DSN
[2026-08-31 05:54:54] [server] 250 CHUNKING
[2026-08-31 05:54:54] [client] AUTH LOGIN
[2026-08-31 05:54:54] [server] 334 VXNlcm5hbWU6
[2026-08-31 05:54:54] [client] c3VwcG9ydEBpbm5vdmF0ZWNoc2VydmljZXNwaC5jb20=
[2026-08-31 05:54:54] [server] 334 UGFzc3dvcmQ6
[2026-08-31 05:54:54] [client] [auth] password sent
[2026-08-31 05:54:54] [server] 235 2.7.0 Authentication successful
[2026-08-31 05:54:54] [client] authenticated
[2026-08-31 05:54:54] [client] MAIL FROM:<support@innovatechservicesph.com>
[2026-08-31 05:54:54] [server] 250 2.1.0 Ok
[2026-08-31 05:54:54] [client] RCPT TO:<support@innovatechservicesph.com>
[2026-08-31 05:54:54] [server] 250 2.1.5 Ok
[2026-08-31 05:54:54] [client] DATA
[2026-08-31 05:54:54] [server] 354 End data with <CR><LF>.<CR><LF>
[2026-08-31 05:54:54] [client] sending message body (451 bytes)
[2026-08-31 05:54:54] [server] 250 2.0.0 Ok: queued as 4hYJ9V2n6Cz31kJ
[2026-08-31 05:54:54] [client] QUIT
[2026-08-31 05:54:54] send_email: OK via SMTP smtp.hostinger.com:465 -> support@innovatechservicesph.com ("Your support ticket #3 is resolved")
